[map]
author=4ban
image=default.bmp

[Continents]
Eriador=4
Gondor=3
Mordor=2
Rhavanion=3

[Territories]
Hobbiton,25,70,Eriador,Bree,Isengard
Bree,168,80,Eriador,Hobbiton,Moria,Isengard
Moria,370,210,Eriador,Bree,Isengard,Dol-Guldur
Isengard,380,320,Eriador,Hobbiton,Bree,Moria,Ered-Nimrais
Gundabad,410,50,Rhavanion,Dol-Guldur,Ered-Mithrin
Ered-Mithrin,650,70,Rhavanion,Gundabad,Erebor,Dol-Guldur
Erebor,900,100,Rhavanion,Ered-Mithrin,Dol-Guldur
Dol-Guldur,500,200,Rhavanion,Erebor,Ered-Mithrin,Gundabad,Moria,Black-Gate
Linhir,25,510,Gondor,Ered-Nimrais,Minas-Tirith,Pelargir,Dol-Amroth
Dol-Amroth,40,600,Gondor,Linhir,Pelargir
Pelargir,200,630,Gondor,Osgiliath,Minas-Tirith,Dol-Amroth,Linhir
Ered-Nimrais,250,400,Gondor,Isengard,Linhir,Minas-Tirith
Osgiliath,400,550,Gondor,Minas-Tirith,Pelargir,Minas-Morgul
Minas-Tirith,280,520,Gondor,Ered-Nimrais,Linhir,Pelargir,Osgiliath
Black-Gate,550,360,Mordor,Dol-Guldur,Durthang,Isenmouthe
Durthang,500,460,Mordor,Black-Gate,Isenmouthe,Minas-Morgul,Orodruin
Minas-Morgul,500,570,Mordor,Darthung,Osgiliath,Orodruin
Isenmouthe,650,450,Mordor,Black-Gate,Durthang,Orodruin
Orodruin,760,530,Mordor,Isenmouthe,Durthang,Minas-Morgul
Barad-Dur,900,600,Mordor